// Jest Snapshot v1, https://goo.gl/fbAQLP

exports[`text formatter change the format of text input 1`] = `
<Fragment>
  <select
    name="font"
    onChange={[Function]}
    value="Comic Sans MS"
  >
    <option
      key="Comic Sans MS"
      value="Comic Sans MS"
    >
      Comic Sans MS
    </option>
    <option
      key="Papyrus"
      value="Papyrus"
    >
      Papyrus
    </option>
  </select>
  <input
    name="text"
    onChange={[Function]}
    type="text"
    value="Chose your favorite font and color ;)"
  />
  <input
    name="color"
    onChange={[Function]}
    type="color"
    value="#ff0000"
  />
  <pre
    style={
      Object {
        "color": "#ff0000",
        "fontFamily": "Comic Sans MS",
      }
    }
  >
    Chose your favorite font and color ;)
  </pre>
</Fragment>
`;
